适用于 .NET Framework MSBuild 版本 17.10.4+10fbfbf2e

  正在扫描源以查找模块依赖项...
  mini3d_core.vcxproj -> E:\Mini3D\out\build\opengl-viewport-verify\src\core\Release\mini3d_core.lib
  正在扫描源以查找模块依赖项...
  mini3d_tests.vcxproj -> E:\Mini3D\out\build\opengl-viewport-verify\tests\Release\mini3d_tests.exe
适用于 .NET Framework MSBuild 版本 17.10.4+10fbfbf2e

  正在扫描源以查找模块依赖项...
  mini3d_core.vcxproj -> E:\Mini3D\out\build\opengl-viewport-verify\src\core\Release\mini3d_core.lib
  正在扫描源以查找模块依赖项...
  mini3d_assets.vcxproj -> E:\Mini3D\out\build\opengl-viewport-verify\src\assets\Release\mini3d_assets.lib
  正在扫描源以查找模块依赖项...
  mini3d_asset_tests.vcxproj -> E:\Mini3D\out\build\opengl-viewport-verify\tests\Release\mini3d_asset_tests.exe
适用于 .NET Framework MSBuild 版本 17.10.4+10fbfbf2e

  正在扫描源以查找模块依赖项...
  正在扫描源以查找模块依赖项...
  mini3d_renderer_gl_resources_1.vcxproj -> E:\Mini3D\out\build\opengl-viewport-verify\src\renderer_gl\mini3d_renderer_gl_resources_1.dir\Release\mini3d_renderer_gl_resources_1.lib
  mini3d_editor_ui_resources_1.vcxproj -> E:\Mini3D\out\build\opengl-viewport-verify\src\editor\mini3d_editor_ui_resources_1.dir\Release\mini3d_editor_ui_resources_1.lib
  正在扫描源以查找模块依赖项...
  mini3d_core.vcxproj -> E:\Mini3D\out\build\opengl-viewport-verify\src\core\Release\mini3d_core.lib
  正在扫描源以查找模块依赖项...
  mini3d_assets.vcxproj -> E:\Mini3D\out\build\opengl-viewport-verify\src\assets\Release\mini3d_assets.lib
  1>Automatic MOC for target mini3d_renderer_gl
  Running AUTOMOC file extraction for target mini3d_renderer_gl
  Running moc --collect-json for target mini3d_renderer_gl
  正在扫描源以查找模块依赖项...
  mini3d_renderer_gl.vcxproj -> E:\Mini3D\out\build\opengl-viewport-verify\src\renderer_gl\Release\mini3d_renderer_gl.lib
  1>Automatic MOC for target mini3d_editor_ui
  Running AUTOMOC file extraction for target mini3d_editor_ui
  Running moc --collect-json for target mini3d_editor_ui
  正在扫描源以查找模块依赖项...
  ComponentInteraction.cpp
  SceneViewModel.cpp
  正在编译...
  ComponentInteraction.cpp
  SceneViewModel.cpp
  mini3d_editor_ui.vcxproj -> E:\Mini3D\out\build\opengl-viewport-verify\src\editor\Release\mini3d_editor_ui.lib
  正在扫描源以查找模块依赖项...
  mini3d_editor_tests.vcxproj -> E:\Mini3D\out\build\opengl-viewport-verify\tests\Release\mini3d_editor_tests.exe
适用于 .NET Framework MSBuild 版本 17.10.4+10fbfbf2e

  正在扫描源以查找模块依赖项...
  mini3d_renderer_gl_resources_1.vcxproj -> E:\Mini3D\out\build\opengl-viewport-verify\src\renderer_gl\mini3d_renderer_gl_resources_1.dir\Release\mini3d_renderer_gl_resources_1.lib
  正在扫描源以查找模块依赖项...
  mini3d_core.vcxproj -> E:\Mini3D\out\build\opengl-viewport-verify\src\core\Release\mini3d_core.lib
  正在扫描源以查找模块依赖项...
  mini3d_assets.vcxproj -> E:\Mini3D\out\build\opengl-viewport-verify\src\assets\Release\mini3d_assets.lib
  1>Automatic MOC for target mini3d_renderer_gl
  Running AUTOMOC file extraction for target mini3d_renderer_gl
  Running moc --collect-json for target mini3d_renderer_gl
  正在扫描源以查找模块依赖项...
  mini3d_renderer_gl.vcxproj -> E:\Mini3D\out\build\opengl-viewport-verify\src\renderer_gl\Release\mini3d_renderer_gl.lib
  正在扫描源以查找模块依赖项...
  mini3d_gpu_tests.vcxproj -> E:\Mini3D\out\build\opengl-viewport-verify\tests\Release\mini3d_gpu_tests.exe
适用于 .NET Framework MSBuild 版本 17.10.4+10fbfbf2e

  正在扫描源以查找模块依赖项...
  正在扫描源以查找模块依赖项...
  mini3d_editor_ui_resources_1.vcxproj -> E:\Mini3D\out\build\opengl-viewport-verify\src\editor\mini3d_editor_ui_resources_1.dir\Release\mini3d_editor_ui_resources_1.lib
  mini3d_renderer_gl_resources_1.vcxproj -> E:\Mini3D\out\build\opengl-viewport-verify\src\renderer_gl\mini3d_renderer_gl_resources_1.dir\Release\mini3d_renderer_gl_resources_1.lib
  正在扫描源以查找模块依赖项...
  mini3d_core.vcxproj -> E:\Mini3D\out\build\opengl-viewport-verify\src\core\Release\mini3d_core.lib
  正在扫描源以查找模块依赖项...
  mini3d_assets.vcxproj -> E:\Mini3D\out\build\opengl-viewport-verify\src\assets\Release\mini3d_assets.lib
  1>Automatic MOC for target mini3d_renderer_gl
  Running AUTOMOC file extraction for target mini3d_renderer_gl
  Running moc --collect-json for target mini3d_renderer_gl
  正在扫描源以查找模块依赖项...
  mini3d_renderer_gl.vcxproj -> E:\Mini3D\out\build\opengl-viewport-verify\src\renderer_gl\Release\mini3d_renderer_gl.lib
  1>Automatic MOC for target mini3d_editor_ui
  Running AUTOMOC file extraction for target mini3d_editor_ui
  Running moc --collect-json for target mini3d_editor_ui
  正在扫描源以查找模块依赖项...
  mini3d_editor_ui.vcxproj -> E:\Mini3D\out\build\opengl-viewport-verify\src\editor\Release\mini3d_editor_ui.lib
  正在扫描源以查找模块依赖项...
  mini3d_editor.vcxproj -> E:\Mini3D\out\build\opengl-viewport-verify\src\editor\Release\Mini3DStudio.exe
适用于 .NET Framework MSBuild 版本 17.10.4+10fbfbf2e

  正在扫描源以查找模块依赖项...
  正在扫描源以查找模块依赖项...
  mini3d_editor_ui_resources_1.vcxproj -> E:\Mini3D\out\build\opengl-viewport-verify\src\editor\mini3d_editor_ui_resources_1.dir\Release\mini3d_editor_ui_resources_1.lib
  mini3d_renderer_gl_resources_1.vcxproj -> E:\Mini3D\out\build\opengl-viewport-verify\src\renderer_gl\mini3d_renderer_gl_resources_1.dir\Release\mini3d_renderer_gl_resources_1.lib
  正在扫描源以查找模块依赖项...
  mini3d_core.vcxproj -> E:\Mini3D\out\build\opengl-viewport-verify\src\core\Release\mini3d_core.lib
  正在扫描源以查找模块依赖项...
  mini3d_assets.vcxproj -> E:\Mini3D\out\build\opengl-viewport-verify\src\assets\Release\mini3d_assets.lib
  1>Automatic MOC for target mini3d_renderer_gl
  Running AUTOMOC file extraction for target mini3d_renderer_gl
  Running moc --collect-json for target mini3d_renderer_gl
  正在扫描源以查找模块依赖项...
  mini3d_renderer_gl.vcxproj -> E:\Mini3D\out\build\opengl-viewport-verify\src\renderer_gl\Release\mini3d_renderer_gl.lib
  1>Automatic MOC for target mini3d_editor_ui
  Running AUTOMOC file extraction for target mini3d_editor_ui
  Running moc --collect-json for target mini3d_editor_ui
  正在扫描源以查找模块依赖项...
  mini3d_editor_ui.vcxproj -> E:\Mini3D\out\build\opengl-viewport-verify\src\editor\Release\mini3d_editor_ui.lib
  正在扫描源以查找模块依赖项...
  mini3d_edit_performance.vcxproj -> E:\Mini3D\out\build\opengl-viewport-verify\tools\Release\mini3d_edit_performance.exe
